{
  "version": "1.5.0",
  "plugins_used": [
    {
      "name": "ArtifactoryDetector"
    },
    {
      "name": "AWSKeyDetector"
    },
    {
      "name": "AzureStorageKeyDetector"
    },
    {
      "name": "Base64HighEntropyString",
      "limit": 4.5
    },
    {
      "name": "BasicAuthDetector"
    },
    {
      "name": "CloudantDetector"
    },
    {
      "name": "DiscordBotTokenDetector"
    },
    {
      "name": "GitHubTokenDetector"
    },
    {
      "name": "GitLabTokenDetector"
    },
    {
      "name": "HexHighEntropyString",
      "limit": 3.0
    },
    {
      "name": "IbmCloudIamDetector"
    },
    {
      "name": "IbmCosHmacDetector"
    },
    {
      "name": "IPPublicDetector"
    },
    {
      "name": "JwtTokenDetector"
    },
    {
      "name": "KeywordDetector",
      "keyword_exclude": ""
    },
    {
      "name": "MailchimpDetector"
    },
    {
      "name": "NpmDetector"
    },
    {
      "name": "OpenAIDetector"
    },
    {
      "name": "PrivateKeyDetector"
    },
    {
      "name": "PypiTokenDetector"
    },
    {
      "name": "SendGridDetector"
    },
    {
      "name": "SlackDetector"
    },
    {
      "name": "SoftlayerDetector"
    },
    {
      "name": "SquareOAuthDetector"
    },
    {
      "name": "StripeDetector"
    },
    {
      "name": "TelegramBotTokenDetector"
    },
    {
      "name": "TwilioKeyDetector"
    }
  ],
  "filters_used": [
    {
      "path": "detect_secrets.filters.allowlist.is_line_allowlisted"
    },
    {
      "path": "detect_secrets.filters.common.is_ignored_due_to_verification_policies",
      "min_level": 2
    },
    {
      "path": "detect_secrets.filters.heuristic.is_indirect_reference"
    },
    {
      "path": "detect_secrets.filters.heuristic.is_likely_id_string"
    },
    {
      "path": "detect_secrets.filters.heuristic.is_lock_file"
    },
    {
      "path": "detect_secrets.filters.heuristic.is_not_alphanumeric_string"
    },
    {
      "path": "detect_secrets.filters.heuristic.is_potential_uuid"
    },
    {
      "path": "detect_secrets.filters.heuristic.is_prefixed_with_dollar_sign"
    },
    {
      "path": "detect_secrets.filters.heuristic.is_sequential_string"
    },
    {
      "path": "detect_secrets.filters.heuristic.is_swagger_file"
    },
    {
      "path": "detect_secrets.filters.heuristic.is_templated_secret"
    },
    {
      "path": "detect_secrets.filters.regex.should_exclude_file",
      "pattern": [
        "\\.venv/",
        "node_modules/",
        "(^|/)uv\\.lock$",
        "package-lock\\.json$",
        "\\.git/",
        "(^|/)htmlcov/",
        "coverage\\.(xml|json)$",
        "\\.pyc$",
        "(^|/)artifacts/",
        "(^|/)dist/",
        "(^|/)build/",
        "\\.min\\.(js|css)$"
      ]
    }
  ],
  "results": {
    ".env.advanced.example": [
      {
        "type": "Basic Auth Credentials",
        "filename": ".env.advanced.example",
        "hashed_secret": "35675e68f4b5af7b995d9205ad0fc43842f16450",
        "is_verified": false,
        "line_number": 507
      }
    ],
    ".env.test.example": [
      {
        "type": "Basic Auth Credentials",
        "filename": ".env.test.example",
        "hashed_secret": "e8d4a2f731a2b37fcb169639d14ccb9350952d59",
        "is_verified": false,
        "line_number": 43
      }
    ],
    ".github/workflows/ci.yml": [
      {
        "type": "Secret Keyword",
        "filename": ".github/workflows/ci.yml",
        "hashed_secret": "c3d2882cf93b3f850ce8c3e7e18e6c56f6383743",
        "is_verified": false,
        "line_number": 150
      },
      {
        "type": "Basic Auth Credentials",
        "filename": ".github/workflows/ci.yml",
        "hashed_secret": "c3d2882cf93b3f850ce8c3e7e18e6c56f6383743",
        "is_verified": false,
        "line_number": 184
      },
      {
        "type": "Secret Keyword",
        "filename": ".github/workflows/ci.yml",
        "hashed_secret": "067aca41d80297bc97e7ddb87a05c685d6098c61",
        "is_verified": false,
        "line_number": 961
      },
      {
        "type": "Basic Auth Credentials",
        "filename": ".github/workflows/ci.yml",
        "hashed_secret": "067aca41d80297bc97e7ddb87a05c685d6098c61",
        "is_verified": false,
        "line_number": 972
      }
    ],
    ".github/workflows/migration-cutover-checks.yml": [
      {
        "type": "Secret Keyword",
        "filename": ".github/workflows/migration-cutover-checks.yml",
        "hashed_secret": "afc848c316af1a89d49826c5ae9d00ed769415f3",
        "is_verified": false,
        "line_number": 17
      },
      {
        "type": "Basic Auth Credentials",
        "filename": ".github/workflows/migration-cutover-checks.yml",
        "hashed_secret": "afc848c316af1a89d49826c5ae9d00ed769415f3",
        "is_verified": false,
        "line_number": 28
      },
      {
        "type": "Secret Keyword",
        "filename": ".github/workflows/migration-cutover-checks.yml",
        "hashed_secret": "43859d664218a3cfb428e43ab9eced8a604ec01b",
        "is_verified": false,
        "line_number": 31
      }
    ],
    ".github/workflows/release-db-benchmark-trend.yml": [
      {
        "type": "Secret Keyword",
        "filename": ".github/workflows/release-db-benchmark-trend.yml",
        "hashed_secret": "067aca41d80297bc97e7ddb87a05c685d6098c61",
        "is_verified": false,
        "line_number": 20
      },
      {
        "type": "Basic Auth Credentials",
        "filename": ".github/workflows/release-db-benchmark-trend.yml",
        "hashed_secret": "067aca41d80297bc97e7ddb87a05c685d6098c61",
        "is_verified": false,
        "line_number": 31
      }
    ],
    ".ruff_cache/CACHEDIR.TAG": [
      {
        "type": "Hex High Entropy String",
        "filename": ".ruff_cache/CACHEDIR.TAG",
        "hashed_secret": "e8f8c345877b2411a59897798e422b15b0c16d76",
        "is_verified": false,
        "line_number": 1
      }
    ],
    ".sidar_keys.env.example": [
      {
        "type": "Basic Auth Credentials",
        "filename": ".sidar_keys.env.example",
        "hashed_secret": "35675e68f4b5af7b995d9205ad0fc43842f16450",
        "is_verified": false,
        "line_number": 144
      }
    ],
    "README.md": [
      {
        "type": "Basic Auth Credentials",
        "filename": "README.md",
        "hashed_secret": "9d4e1e23bd5b727046a9e3b4b7db57bd8d6ee684",
        "is_verified": false,
        "line_number": 451
      }
    ],
    "core/config_event_bus.py": [
      {
        "type": "Basic Auth Credentials",
        "filename": "core/config_event_bus.py",
        "hashed_secret": "35675e68f4b5af7b995d9205ad0fc43842f16450",
        "is_verified": false,
        "line_number": 48
      }
    ],
    "core/db/auth.py": [
      {
        "type": "Secret Keyword",
        "filename": "core/db/auth.py",
        "hashed_secret": "78e39c1c1cf0dc10ca3c949f0efd2437663d7bb0",
        "is_verified": false,
        "line_number": 46
      }
    ],
    "core/db/monolith.py": [
      {
        "type": "Basic Auth Credentials",
        "filename": "core/db/monolith.py",
        "hashed_secret": "afc848c316af1a89d49826c5ae9d00ed769415f3",
        "is_verified": false,
        "line_number": 187
      }
    ],
    "docs/module-notes/.github/workflows/migration-cutover-checks.yml.md": [
      {
        "type": "Basic Auth Credentials",
        "filename": "docs/module-notes/.github/workflows/migration-cutover-checks.yml.md",
        "hashed_secret": "afc848c316af1a89d49826c5ae9d00ed769415f3",
        "is_verified": false,
        "line_number": 29
      }
    ],
    "docs/module-notes/runbooks/production-cutover-playbook.md.md": [
      {
        "type": "Basic Auth Credentials",
        "filename": "docs/module-notes/runbooks/production-cutover-playbook.md.md",
        "hashed_secret": "9d4e1e23bd5b727046a9e3b4b7db57bd8d6ee684",
        "is_verified": false,
        "line_number": 83
      }
    ],
    "docs/module-notes/scripts/load_test_db_pool.py.md": [
      {
        "type": "Basic Auth Credentials",
        "filename": "docs/module-notes/scripts/load_test_db_pool.py.md",
        "hashed_secret": "c3d2882cf93b3f850ce8c3e7e18e6c56f6383743",
        "is_verified": false,
        "line_number": 31
      }
    ],
    "docs/module-notes/scripts/migrate_sqlite_to_pg.py.md": [
      {
        "type": "Basic Auth Credentials",
        "filename": "docs/module-notes/scripts/migrate_sqlite_to_pg.py.md",
        "hashed_secret": "9d4e1e23bd5b727046a9e3b4b7db57bd8d6ee684",
        "is_verified": false,
        "line_number": 30
      }
    ],
    "helm/sidar/values.yaml": [
      {
        "type": "Secret Keyword",
        "filename": "helm/sidar/values.yaml",
        "hashed_secret": "9940f3c7a0fa2e76ae511180429103879357e138",
        "is_verified": false,
        "line_number": 57
      },
      {
        "type": "Secret Keyword",
        "filename": "helm/sidar/values.yaml",
        "hashed_secret": "949df9201e091dd8ffc79f0842fd26abf90111ed",
        "is_verified": false,
        "line_number": 59
      },
      {
        "type": "Secret Keyword",
        "filename": "helm/sidar/values.yaml",
        "hashed_secret": "c956834ed2038dd5a672a859071efc6919f03a86",
        "is_verified": false,
        "line_number": 109
      },
      {
        "type": "Secret Keyword",
        "filename": "helm/sidar/values.yaml",
        "hashed_secret": "36c801453c1cccc9e94bdda4b31405fafa7d4aee",
        "is_verified": false,
        "line_number": 113
      },
      {
        "type": "Secret Keyword",
        "filename": "helm/sidar/values.yaml",
        "hashed_secret": "d9af0710c22379134122d571aa8e9ddda8ecc632",
        "is_verified": false,
        "line_number": 146
      },
      {
        "type": "Secret Keyword",
        "filename": "helm/sidar/values.yaml",
        "hashed_secret": "8a601777831225c9bce652684b6155bc124440ef",
        "is_verified": false,
        "line_number": 150
      },
      {
        "type": "Secret Keyword",
        "filename": "helm/sidar/values.yaml",
        "hashed_secret": "38f756a7f3ccbf5e6f799074299ac322badda3f0",
        "is_verified": false,
        "line_number": 160
      },
      {
        "type": "Secret Keyword",
        "filename": "helm/sidar/values.yaml",
        "hashed_secret": "54a974e27c4460d3ec9ca3ae8460f87ad2dce2d3",
        "is_verified": false,
        "line_number": 164
      }
    ],
    "install_sidar.sh": [
      {
        "type": "Hex High Entropy String",
        "filename": "install_sidar.sh",
        "hashed_secret": "dd4e068e1ba12f47e8971a1c71f9e3817c14f248",
        "is_verified": false,
        "line_number": 187
      }
    ],
    "launcher/doctor.py": [
      {
        "type": "Secret Keyword",
        "filename": "launcher/doctor.py",
        "hashed_secret": "d303c4dcfc7ac91f1fef0d35ff8426d1b459b540",
        "is_verified": false,
        "line_number": 123
      }
    ],
    "migrations/env.py": [
      {
        "type": "Basic Auth Credentials",
        "filename": "migrations/env.py",
        "hashed_secret": "c3d2882cf93b3f850ce8c3e7e18e6c56f6383743",
        "is_verified": false,
        "line_number": 99
      }
    ],
    "pyproject.toml": [
      {
        "type": "Secret Keyword",
        "filename": "pyproject.toml",
        "hashed_secret": "09edb4942e84adf7db8a45401295f58ecfbf131e",
        "is_verified": false,
        "line_number": 298
      }
    ],
    "runbooks/production-cutover-playbook.md": [
      {
        "type": "Basic Auth Credentials",
        "filename": "runbooks/production-cutover-playbook.md",
        "hashed_secret": "9d4e1e23bd5b727046a9e3b4b7db57bd8d6ee684",
        "is_verified": false,
        "line_number": 45
      }
    ],
    "runbooks/tenant_rbac_scenarios.md": [
      {
        "type": "Secret Keyword",
        "filename": "runbooks/tenant_rbac_scenarios.md",
        "hashed_secret": "f865b53623b121fd34ee5426c792e5c33af8c227",
        "is_verified": false,
        "line_number": 27
      }
    ],
    "scripts/check_env_parity.sh": [
      {
        "type": "Secret Keyword",
        "filename": "scripts/check_env_parity.sh",
        "hashed_secret": "949df9201e091dd8ffc79f0842fd26abf90111ed",
        "is_verified": false,
        "line_number": 165
      }
    ],
    "scripts/install_modules/utils/database_url.sh": [
      {
        "type": "Basic Auth Credentials",
        "filename": "scripts/install_modules/utils/database_url.sh",
        "hashed_secret": "347cd9c53ff77d41a7b22aa56c7b4efaf54658e3",
        "is_verified": false,
        "line_number": 55
      }
    ],
    "scripts/load_test_db_pool.py": [
      {
        "type": "Basic Auth Credentials",
        "filename": "scripts/load_test_db_pool.py",
        "hashed_secret": "c3d2882cf93b3f850ce8c3e7e18e6c56f6383743",
        "is_verified": false,
        "line_number": 5
      }
    ],
    "scripts/migrate_sqlite_to_pg.py": [
      {
        "type": "Basic Auth Credentials",
        "filename": "scripts/migrate_sqlite_to_pg.py",
        "hashed_secret": "9d4e1e23bd5b727046a9e3b4b7db57bd8d6ee684",
        "is_verified": false,
        "line_number": 6
      }
    ],
    "scripts/secret_strength.py": [
      {
        "type": "Base64 High Entropy String",
        "filename": "scripts/secret_strength.py",
        "hashed_secret": "aaa4f0f7cd355def264e0ae1370aa9527a4f970a",
        "is_verified": false,
        "line_number": 51
      }
    ],
    "scripts/sync_database_passwords.py": [
      {
        "type": "Secret Keyword",
        "filename": "scripts/sync_database_passwords.py",
        "hashed_secret": "949df9201e091dd8ffc79f0842fd26abf90111ed",
        "is_verified": false,
        "line_number": 144
      }
    ],
    "sidar.egg-info/PKG-INFO": [
      {
        "type": "Basic Auth Credentials",
        "filename": "sidar.egg-info/PKG-INFO",
        "hashed_secret": "9d4e1e23bd5b727046a9e3b4b7db57bd8d6ee684",
        "is_verified": false,
        "line_number": 635
      }
    ],
    "sidar_assets/alembic.ini": [
      {
        "type": "Basic Auth Credentials",
        "filename": "sidar_assets/alembic.ini",
        "hashed_secret": "c3d2882cf93b3f850ce8c3e7e18e6c56f6383743",
        "is_verified": false,
        "line_number": 11
      }
    ],
    "sidar_assets/helm/sidar/values.yaml": [
      {
        "type": "Secret Keyword",
        "filename": "sidar_assets/helm/sidar/values.yaml",
        "hashed_secret": "9940f3c7a0fa2e76ae511180429103879357e138",
        "is_verified": false,
        "line_number": 57
      },
      {
        "type": "Secret Keyword",
        "filename": "sidar_assets/helm/sidar/values.yaml",
        "hashed_secret": "949df9201e091dd8ffc79f0842fd26abf90111ed",
        "is_verified": false,
        "line_number": 59
      },
      {
        "type": "Secret Keyword",
        "filename": "sidar_assets/helm/sidar/values.yaml",
        "hashed_secret": "c956834ed2038dd5a672a859071efc6919f03a86",
        "is_verified": false,
        "line_number": 109
      },
      {
        "type": "Secret Keyword",
        "filename": "sidar_assets/helm/sidar/values.yaml",
        "hashed_secret": "36c801453c1cccc9e94bdda4b31405fafa7d4aee",
        "is_verified": false,
        "line_number": 113
      },
      {
        "type": "Secret Keyword",
        "filename": "sidar_assets/helm/sidar/values.yaml",
        "hashed_secret": "d9af0710c22379134122d571aa8e9ddda8ecc632",
        "is_verified": false,
        "line_number": 146
      },
      {
        "type": "Secret Keyword",
        "filename": "sidar_assets/helm/sidar/values.yaml",
        "hashed_secret": "8a601777831225c9bce652684b6155bc124440ef",
        "is_verified": false,
        "line_number": 150
      },
      {
        "type": "Secret Keyword",
        "filename": "sidar_assets/helm/sidar/values.yaml",
        "hashed_secret": "38f756a7f3ccbf5e6f799074299ac322badda3f0",
        "is_verified": false,
        "line_number": 160
      },
      {
        "type": "Secret Keyword",
        "filename": "sidar_assets/helm/sidar/values.yaml",
        "hashed_secret": "54a974e27c4460d3ec9ca3ae8460f87ad2dce2d3",
        "is_verified": false,
        "line_number": 164
      }
    ],
    "sidar_assets/migrations/env.py": [
      {
        "type": "Basic Auth Credentials",
        "filename": "sidar_assets/migrations/env.py",
        "hashed_secret": "c3d2882cf93b3f850ce8c3e7e18e6c56f6383743",
        "is_verified": false,
        "line_number": 99
      }
    ],
    "tests/_fixtures/postgres.py": [
      {
        "type": "Secret Keyword",
        "filename": "tests/_fixtures/postgres.py",
        "hashed_secret": "8f49a1afe567ab083fe704000d6c3e9a750e4eab",
        "is_verified": false,
        "line_number": 44
      }
    ],
    "tests/e2e/agents/test_agent_config_access_e2e.py": [
      {
        "type": "Base64 High Entropy String",
        "filename": "tests/e2e/agents/test_agent_config_access_e2e.py",
        "hashed_secret": "af5d7726a13be3551709d03abf54f5d5d4b9bdcd",
        "is_verified": false,
        "line_number": 27
      },
      {
        "type": "Base64 High Entropy String",
        "filename": "tests/e2e/agents/test_agent_config_access_e2e.py",
        "hashed_secret": "023f493bb0382a80ac33caa5606a8e495f37d174",
        "is_verified": false,
        "line_number": 34
      },
      {
        "type": "Base64 High Entropy String",
        "filename": "tests/e2e/agents/test_agent_config_access_e2e.py",
        "hashed_secret": "ad72f1d8b5daf5de5b7add04eb11ac07bb597b4b",
        "is_verified": false,
        "line_number": 44
      },
      {
        "type": "Slack Token",
        "filename": "tests/e2e/agents/test_agent_config_access_e2e.py",
        "hashed_secret": "ef94362371d2b5031de2b3cf032dc597f86cb6cc",
        "is_verified": false,
        "line_number": 55
      }
    ],
    "tests/e2e/test_concurrent_requests.py": [
      {
        "type": "Secret Keyword",
        "filename": "tests/e2e/test_concurrent_requests.py",
        "hashed_secret": "8f49a1afe567ab083fe704000d6c3e9a750e4eab",
        "is_verified": false,
        "line_number": 22
      }
    ],
    "tests/e2e/test_database_failover.py": [
      {
        "type": "Basic Auth Credentials",
        "filename": "tests/e2e/test_database_failover.py",
        "hashed_secret": "e5e9fa1ba31ecd1ae84f75caaa474f3a663f05f4",
        "is_verified": false,
        "line_number": 26
      },
      {
        "type": "Secret Keyword",
        "filename": "tests/e2e/test_database_failover.py",
        "hashed_secret": "8f49a1afe567ab083fe704000d6c3e9a750e4eab",
        "is_verified": false,
        "line_number": 37
      }
    ],
    "tests/e2e/web/test_chat_websocket_real_e2e.py": [
      {
        "type": "Secret Keyword",
        "filename": "tests/e2e/web/test_chat_websocket_real_e2e.py",
        "hashed_secret": "74161ae9f81be0f6e62d62b419040a7e10b5d359",
        "is_verified": false,
        "line_number": 119
      },
      {
        "type": "Secret Keyword",
        "filename": "tests/e2e/web/test_chat_websocket_real_e2e.py",
        "hashed_secret": "b006b802911261c93419ac41914be5b0410b941b",
        "is_verified": false,
        "line_number": 148
      }
    ],
    "tests/integration/api/test_config_dotenv_chain.py": [
      {
        "type": "Base64 High Entropy String",
        "filename": "tests/integration/api/test_config_dotenv_chain.py",
        "hashed_secret": "135ac3ca50b68c144bd08592de0a9af9e391c983",
        "is_verified": false,
        "line_number": 35
      },
      {
        "type": "Base64 High Entropy String",
        "filename": "tests/integration/api/test_config_dotenv_chain.py",
        "hashed_secret": "90b6860304fdda162e6e0c88dc18ae34002d615a",
        "is_verified": false,
        "line_number": 37
      },
      {
        "type": "Base64 High Entropy String",
        "filename": "tests/integration/api/test_config_dotenv_chain.py",
        "hashed_secret": "59ad90731733c2b11fc903960b629d57a818dca6",
        "is_verified": false,
        "line_number": 38
      },
      {
        "type": "Base64 High Entropy String",
        "filename": "tests/integration/api/test_config_dotenv_chain.py",
        "hashed_secret": "789bff476e2d3b9203907b2780ee484e66a1fb3d",
        "is_verified": false,
        "line_number": 39
      },
      {
        "type": "Base64 High Entropy String",
        "filename": "tests/integration/api/test_config_dotenv_chain.py",
        "hashed_secret": "350c3ded8d66d0ae1c515c6bdda6193967936a1c",
        "is_verified": false,
        "line_number": 40
      },
      {
        "type": "Base64 High Entropy String",
        "filename": "tests/integration/api/test_config_dotenv_chain.py",
        "hashed_secret": "ebdc9496ed9b523ab3aca8a6bc9edef90d10d7a1",
        "is_verified": false,
        "line_number": 41
      },
      {
        "type": "Base64 High Entropy String",
        "filename": "tests/integration/api/test_config_dotenv_chain.py",
        "hashed_secret": "ee366c786fd335910db1d65627c6d4506ba9c542",
        "is_verified": false,
        "line_number": 42
      },
      {
        "type": "Base64 High Entropy String",
        "filename": "tests/integration/api/test_config_dotenv_chain.py",
        "hashed_secret": "ea398a10216a1c27f3721cf368dd492a2df5154b",
        "is_verified": false,
        "line_number": 99
      },
      {
        "type": "Base64 High Entropy String",
        "filename": "tests/integration/api/test_config_dotenv_chain.py",
        "hashed_secret": "43d36cb88adf18ebf819d5b7f4630d35052e5dc4",
        "is_verified": false,
        "line_number": 108
      },
      {
        "type": "Base64 High Entropy String",
        "filename": "tests/integration/api/test_config_dotenv_chain.py",
        "hashed_secret": "dc0ad5b3c9bef784535a5edc3e537ffa5a8fb469",
        "is_verified": false,
        "line_number": 112
      },
      {
        "type": "Secret Keyword",
        "filename": "tests/integration/api/test_config_dotenv_chain.py",
        "hashed_secret": "ec1c61f2efed7dc9a4399249728046db29e85c10",
        "is_verified": false,
        "line_number": 136
      }
    ],
    "tests/integration/api/test_web_server_api.py": [
      {
        "type": "Secret Keyword",
        "filename": "tests/integration/api/test_web_server_api.py",
        "hashed_secret": "f2b14f68eb995facb3a1c35287b778d5bd785511",
        "is_verified": false,
        "line_number": 163
      },
      {
        "type": "Secret Keyword",
        "filename": "tests/integration/api/test_web_server_api.py",
        "hashed_secret": "a2cee5c8efe27dd12a2a15c9611b7c39b9960d8a",
        "is_verified": false,
        "line_number": 177
      }
    ],
    "tests/integration/db/test_db_migrations_integration.py": [
      {
        "type": "Secret Keyword",
        "filename": "tests/integration/db/test_db_migrations_integration.py",
        "hashed_secret": "8f49a1afe567ab083fe704000d6c3e9a750e4eab",
        "is_verified": false,
        "line_number": 80
      },
      {
        "type": "Secret Keyword",
        "filename": "tests/integration/db/test_db_migrations_integration.py",
        "hashed_secret": "1a91d62f7ca67399625a4368a6ab5d4a3baa6073",
        "is_verified": false,
        "line_number": 185
      }
    ],
    "tests/integration/web/test_web_http_integration.py": [
      {
        "type": "Secret Keyword",
        "filename": "tests/integration/web/test_web_http_integration.py",
        "hashed_secret": "e59f217a97b165672199414a8965094ab0a24956",
        "is_verified": false,
        "line_number": 14
      }
    ],
    "tests/integration/workflow/test_rag_backend_switching.py": [
      {
        "type": "Basic Auth Credentials",
        "filename": "tests/integration/workflow/test_rag_backend_switching.py",
        "hashed_secret": "9d4e1e23bd5b727046a9e3b4b7db57bd8d6ee684",
        "is_verified": false,
        "line_number": 27
      }
    ],
    "tests/performance/test_benchmark.py": [
      {
        "type": "Secret Keyword",
        "filename": "tests/performance/test_benchmark.py",
        "hashed_secret": "8f49a1afe567ab083fe704000d6c3e9a750e4eab",
        "is_verified": false,
        "line_number": 104
      },
      {
        "type": "Secret Keyword",
        "filename": "tests/performance/test_benchmark.py",
        "hashed_secret": "96fd8532352698f8c16ff926d85f8ca05e766699",
        "is_verified": false,
        "line_number": 288
      }
    ],
    "tests/shell/helpers/env_secrets_hardening_case.sh": [
      {
        "type": "Basic Auth Credentials",
        "filename": "tests/shell/helpers/env_secrets_hardening_case.sh",
        "hashed_secret": "cb25b83340607c93d392071d2b5228d57f2c8beb",
        "is_verified": false,
        "line_number": 21
      }
    ],
    "tests/shell/install_env_secrets_module.bats": [
      {
        "type": "Basic Auth Credentials",
        "filename": "tests/shell/install_env_secrets_module.bats",
        "hashed_secret": "c3d2882cf93b3f850ce8c3e7e18e6c56f6383743",
        "is_verified": false,
        "line_number": 16
      }
    ],
    "tests/shell/install_sidar_functions.bats": [
      {
        "type": "Basic Auth Credentials",
        "filename": "tests/shell/install_sidar_functions.bats",
        "hashed_secret": "a45c2264b8cab0f1e0637f6c44501c0f34f7e227",
        "is_verified": false,
        "line_number": 225
      },
      {
        "type": "Basic Auth Credentials",
        "filename": "tests/shell/install_sidar_functions.bats",
        "hashed_secret": "afc848c316af1a89d49826c5ae9d00ed769415f3",
        "is_verified": false,
        "line_number": 759
      },
      {
        "type": "Basic Auth Credentials",
        "filename": "tests/shell/install_sidar_functions.bats",
        "hashed_secret": "92b63c41d0bd81cb2b03cc903acb125026de4e9d",
        "is_verified": false,
        "line_number": 775
      },
      {
        "type": "Basic Auth Credentials",
        "filename": "tests/shell/install_sidar_functions.bats",
        "hashed_secret": "1c3db2d50f163fbc92b21ade867d2fc22701a60a",
        "is_verified": false,
        "line_number": 790
      },
      {
        "type": "Base64 High Entropy String",
        "filename": "tests/shell/install_sidar_functions.bats",
        "hashed_secret": "7c2934dca7a8f6e05b745ed997a679101cebde46",
        "is_verified": false,
        "line_number": 811
      },
      {
        "type": "Base64 High Entropy String",
        "filename": "tests/shell/install_sidar_functions.bats",
        "hashed_secret": "1c3db2d50f163fbc92b21ade867d2fc22701a60a",
        "is_verified": false,
        "line_number": 813
      },
      {
        "type": "Secret Keyword",
        "filename": "tests/shell/install_sidar_functions.bats",
        "hashed_secret": "1c3db2d50f163fbc92b21ade867d2fc22701a60a",
        "is_verified": false,
        "line_number": 813
      },
      {
        "type": "Basic Auth Credentials",
        "filename": "tests/shell/install_sidar_functions.bats",
        "hashed_secret": "0b874f84abac95c4ee5127ce67333745c6c77098",
        "is_verified": false,
        "line_number": 831
      },
      {
        "type": "Basic Auth Credentials",
        "filename": "tests/shell/install_sidar_functions.bats",
        "hashed_secret": "a01aca3869441739875f72f719a19fa97699a913",
        "is_verified": false,
        "line_number": 878
      },
      {
        "type": "Base64 High Entropy String",
        "filename": "tests/shell/install_sidar_functions.bats",
        "hashed_secret": "24c32041c583c3d4d3b5d039decb46f6d755b19f",
        "is_verified": false,
        "line_number": 1109
      },
      {
        "type": "Secret Keyword",
        "filename": "tests/shell/install_sidar_functions.bats",
        "hashed_secret": "24c32041c583c3d4d3b5d039decb46f6d755b19f",
        "is_verified": false,
        "line_number": 1109
      },
      {
        "type": "Basic Auth Credentials",
        "filename": "tests/shell/install_sidar_functions.bats",
        "hashed_secret": "9b33046ed39d182e3adafa9045ad6787d4bbc321",
        "is_verified": false,
        "line_number": 1139
      },
      {
        "type": "Basic Auth Credentials",
        "filename": "tests/shell/install_sidar_functions.bats",
        "hashed_secret": "e5e9fa1ba31ecd1ae84f75caaa474f3a663f05f4",
        "is_verified": false,
        "line_number": 1534
      },
      {
        "type": "Base64 High Entropy String",
        "filename": "tests/shell/install_sidar_functions.bats",
        "hashed_secret": "c1a7153cbb8ecf17ad41bd561b595c40ef96cf06",
        "is_verified": false,
        "line_number": 3151
      },
      {
        "type": "Base64 High Entropy String",
        "filename": "tests/shell/install_sidar_functions.bats",
        "hashed_secret": "233e7dacc43b1ca817560f1b73d163c06afca65a",
        "is_verified": false,
        "line_number": 3171
      },
      {
        "type": "Base64 High Entropy String",
        "filename": "tests/shell/install_sidar_functions.bats",
        "hashed_secret": "01bfbb4973f3217bf22521ca3725c48eaaadb73c",
        "is_verified": false,
        "line_number": 3173
      }
    ],
    "tests/shell/run_tests_environment_helpers.bats": [
      {
        "type": "Secret Keyword",
        "filename": "tests/shell/run_tests_environment_helpers.bats",
        "hashed_secret": "02b1d59fc2c77886b2ca61544f9922e0bc45318a",
        "is_verified": false,
        "line_number": 24
      }
    ],
    "tests/smoke/test_boot.py": [
      {
        "type": "Basic Auth Credentials",
        "filename": "tests/smoke/test_boot.py",
        "hashed_secret": "afc848c316af1a89d49826c5ae9d00ed769415f3",
        "is_verified": false,
        "line_number": 262
      }
    ],
    "tests/smoke/test_install_env.py": [
      {
        "type": "Basic Auth Credentials",
        "filename": "tests/smoke/test_install_env.py",
        "hashed_secret": "e0a3614fe0f77ab560d7555b7d1ea480a8d8504b",
        "is_verified": false,
        "line_number": 43
      },
      {
        "type": "Basic Auth Credentials",
        "filename": "tests/smoke/test_install_env.py",
        "hashed_secret": "920f8f5815b381ea692e9e7c2f7119f2b1aa620a",
        "is_verified": false,
        "line_number": 49
      },
      {
        "type": "Basic Auth Credentials",
        "filename": "tests/smoke/test_install_env.py",
        "hashed_secret": "34c6fceca75e456f25e7e99531e2425c6c1de443",
        "is_verified": false,
        "line_number": 59
      }
    ],
    "tests/smoke/test_install_verification.py": [
      {
        "type": "Hex High Entropy String",
        "filename": "tests/smoke/test_install_verification.py",
        "hashed_secret": "bb60549761769ae308d5d3dead54e62406af6b1a",
        "is_verified": false,
        "line_number": 344
      },
      {
        "type": "Hex High Entropy String",
        "filename": "tests/smoke/test_install_verification.py",
        "hashed_secret": "7c1089a7e4ee441c94b57b606d39810cc4f9228e",
        "is_verified": false,
        "line_number": 387
      },
      {
        "type": "Hex High Entropy String",
        "filename": "tests/smoke/test_install_verification.py",
        "hashed_secret": "68cb4d7895c0c3a9aec359af1872e1c8c069ab7f",
        "is_verified": false,
        "line_number": 832
      },
      {
        "type": "Basic Auth Credentials",
        "filename": "tests/smoke/test_install_verification.py",
        "hashed_secret": "e8e7fe6a61234378379d8592e2a7918f41b6042d",
        "is_verified": false,
        "line_number": 1859
      },
      {
        "type": "Basic Auth Credentials",
        "filename": "tests/smoke/test_install_verification.py",
        "hashed_secret": "c3d2882cf93b3f850ce8c3e7e18e6c56f6383743",
        "is_verified": false,
        "line_number": 1862
      },
      {
        "type": "Basic Auth Credentials",
        "filename": "tests/smoke/test_install_verification.py",
        "hashed_secret": "e5e9fa1ba31ecd1ae84f75caaa474f3a663f05f4",
        "is_verified": false,
        "line_number": 1994
      }
    ],
    "tests/test_migration_ci_guards.py": [
      {
        "type": "Basic Auth Credentials",
        "filename": "tests/test_migration_ci_guards.py",
        "hashed_secret": "c3d2882cf93b3f850ce8c3e7e18e6c56f6383743",
        "is_verified": false,
        "line_number": 135
      },
      {
        "type": "Basic Auth Credentials",
        "filename": "tests/test_migration_ci_guards.py",
        "hashed_secret": "9d4e1e23bd5b727046a9e3b4b7db57bd8d6ee684",
        "is_verified": false,
        "line_number": 154
      }
    ],
    "tests/unit/cli/test_main_helpers.py": [
      {
        "type": "Basic Auth Credentials",
        "filename": "tests/unit/cli/test_main_helpers.py",
        "hashed_secret": "c2a6b03f190dfb2b4aa91f8af8d477a9bc3401dc",
        "is_verified": false,
        "line_number": 629
      },
      {
        "type": "Basic Auth Credentials",
        "filename": "tests/unit/cli/test_main_helpers.py",
        "hashed_secret": "c00dbbc9dadfbe1e232e93a729dd4752fade0abf",
        "is_verified": false,
        "line_number": 631
      }
    ],
    "tests/unit/core/doctor/test_main_entrypoint.py": [
      {
        "type": "Basic Auth Credentials",
        "filename": "tests/unit/core/doctor/test_main_entrypoint.py",
        "hashed_secret": "e5e9fa1ba31ecd1ae84f75caaa474f3a663f05f4",
        "is_verified": false,
        "line_number": 43
      }
    ],
    "tests/unit/core/test_config_postgres.py": [
      {
        "type": "Basic Auth Credentials",
        "filename": "tests/unit/core/test_config_postgres.py",
        "hashed_secret": "e5e9fa1ba31ecd1ae84f75caaa474f3a663f05f4",
        "is_verified": false,
        "line_number": 9
      },
      {
        "type": "Secret Keyword",
        "filename": "tests/unit/core/test_config_postgres.py",
        "hashed_secret": "c1377ab05ffaeeb95faeea230874deabeb968835",
        "is_verified": false,
        "line_number": 95
      },
      {
        "type": "Basic Auth Credentials",
        "filename": "tests/unit/core/test_config_postgres.py",
        "hashed_secret": "1759ae051c1d5b7abdc91c158e36ffa3faa2f1d7",
        "is_verified": false,
        "line_number": 103
      },
      {
        "type": "Secret Keyword",
        "filename": "tests/unit/core/test_config_postgres.py",
        "hashed_secret": "e5e9fa1ba31ecd1ae84f75caaa474f3a663f05f4",
        "is_verified": false,
        "line_number": 138
      },
      {
        "type": "Secret Keyword",
        "filename": "tests/unit/core/test_config_postgres.py",
        "hashed_secret": "8e35e4395a643ca022c5eca9d1e9feef4a88efb3",
        "is_verified": false,
        "line_number": 152
      },
      {
        "type": "Basic Auth Credentials",
        "filename": "tests/unit/core/test_config_postgres.py",
        "hashed_secret": "c00dbbc9dadfbe1e232e93a729dd4752fade0abf",
        "is_verified": false,
        "line_number": 153
      },
      {
        "type": "Basic Auth Credentials",
        "filename": "tests/unit/core/test_config_postgres.py",
        "hashed_secret": "0bc9bf4321e4764d2596dad5896507369654d407",
        "is_verified": false,
        "line_number": 154
      },
      {
        "type": "Basic Auth Credentials",
        "filename": "tests/unit/core/test_config_postgres.py",
        "hashed_secret": "a4b48a81cdab1e1a5dd37907d6c85ca1c61ddc7c",
        "is_verified": false,
        "line_number": 179
      }
    ],
    "tests/unit/core/test_config_runtime_boundaries.py": [
      {
        "type": "Basic Auth Credentials",
        "filename": "tests/unit/core/test_config_runtime_boundaries.py",
        "hashed_secret": "c3d2882cf93b3f850ce8c3e7e18e6c56f6383743",
        "is_verified": false,
        "line_number": 16
      }
    ],
    "tests/unit/core/test_db.py": [
      {
        "type": "Basic Auth Credentials",
        "filename": "tests/unit/core/test_db.py",
        "hashed_secret": "afc848c316af1a89d49826c5ae9d00ed769415f3",
        "is_verified": false,
        "line_number": 117
      },
      {
        "type": "Secret Keyword",
        "filename": "tests/unit/core/test_db.py",
        "hashed_secret": "1a91d62f7ca67399625a4368a6ab5d4a3baa6073",
        "is_verified": false,
        "line_number": 540
      },
      {
        "type": "Secret Keyword",
        "filename": "tests/unit/core/test_db.py",
        "hashed_secret": "f16ca2dfa3688bf08c7a4e21544af15bd598cb70",
        "is_verified": false,
        "line_number": 639
      },
      {
        "type": "Secret Keyword",
        "filename": "tests/unit/core/test_db.py",
        "hashed_secret": "0c04971ad62dce074b63928af08172986af4641b",
        "is_verified": false,
        "line_number": 1996
      }
    ],
    "tests/unit/core/test_dlp.py": [
      {
        "type": "Base64 High Entropy String",
        "filename": "tests/unit/core/test_dlp.py",
        "hashed_secret": "d2dfa114a1be51fbdfc8ac55daf4afa67791a554",
        "is_verified": false,
        "line_number": 61
      },
      {
        "type": "GitHub Token",
        "filename": "tests/unit/core/test_dlp.py",
        "hashed_secret": "e175c6f5f2a92e8623bd9a4820edb4e8c1b0fd10",
        "is_verified": false,
        "line_number": 62
      },
      {
        "type": "Base64 High Entropy String",
        "filename": "tests/unit/core/test_dlp.py",
        "hashed_secret": "ff710f15aabf3e96e11af9b0bfc454eb30a5031d",
        "is_verified": false,
        "line_number": 62
      },
      {
        "type": "AWS Access Key",
        "filename": "tests/unit/core/test_dlp.py",
        "hashed_secret": "1d5bc0e7232d07b336f4d35db4c0200142962f4a",
        "is_verified": false,
        "line_number": 63
      },
      {
        "type": "Base64 High Entropy String",
        "filename": "tests/unit/core/test_dlp.py",
        "hashed_secret": "df69ff24cd82cf37e31427911bbd511ff633c760",
        "is_verified": false,
        "line_number": 170
      }
    ],
    "tests/unit/core/test_doctor.py": [
      {
        "type": "Secret Keyword",
        "filename": "tests/unit/core/test_doctor.py",
        "hashed_secret": "12919ed70efa7fc1b842eee97d861fb4cb52f262",
        "is_verified": false,
        "line_number": 15
      },
      {
        "type": "Basic Auth Credentials",
        "filename": "tests/unit/core/test_doctor.py",
        "hashed_secret": "dbdab9be92cacdae6a97e8601332bfaa8545800f",
        "is_verified": false,
        "line_number": 168
      },
      {
        "type": "Basic Auth Credentials",
        "filename": "tests/unit/core/test_doctor.py",
        "hashed_secret": "a94a8fe5ccb19ba61c4c0873d391e987982fbbd3",
        "is_verified": false,
        "line_number": 223
      },
      {
        "type": "Basic Auth Credentials",
        "filename": "tests/unit/core/test_doctor.py",
        "hashed_secret": "a0f4ea7d91495df92bbac2e2149dfb850fe81396",
        "is_verified": false,
        "line_number": 335
      },
      {
        "type": "Basic Auth Credentials",
        "filename": "tests/unit/core/test_doctor.py",
        "hashed_secret": "c3d2882cf93b3f850ce8c3e7e18e6c56f6383743",
        "is_verified": false,
        "line_number": 337
      },
      {
        "type": "Basic Auth Credentials",
        "filename": "tests/unit/core/test_doctor.py",
        "hashed_secret": "fb39cbf5c475d21676683e87d9f469cf31065a21",
        "is_verified": false,
        "line_number": 601
      },
      {
        "type": "Basic Auth Credentials",
        "filename": "tests/unit/core/test_doctor.py",
        "hashed_secret": "e5e9fa1ba31ecd1ae84f75caaa474f3a663f05f4",
        "is_verified": false,
        "line_number": 679
      },
      {
        "type": "Secret Keyword",
        "filename": "tests/unit/core/test_doctor.py",
        "hashed_secret": "fb39cbf5c475d21676683e87d9f469cf31065a21",
        "is_verified": false,
        "line_number": 704
      },
      {
        "type": "Secret Keyword",
        "filename": "tests/unit/core/test_doctor.py",
        "hashed_secret": "3488b95dcb4771d6cdb80f614ac36b80674461b1",
        "is_verified": false,
        "line_number": 971
      },
      {
        "type": "Base64 High Entropy String",
        "filename": "tests/unit/core/test_doctor.py",
        "hashed_secret": "39697a76d5ae7874ff6238739c7d88fa5816a031",
        "is_verified": false,
        "line_number": 1206
      },
      {
        "type": "Base64 High Entropy String",
        "filename": "tests/unit/core/test_doctor.py",
        "hashed_secret": "ef218c9e21cee7355a7f346a82f6981a1c3d2215",
        "is_verified": false,
        "line_number": 1225
      },
      {
        "type": "Basic Auth Credentials",
        "filename": "tests/unit/core/test_doctor.py",
        "hashed_secret": "1ae0af3fe72b3ba394f9fa95a6cffc090d726c23",
        "is_verified": false,
        "line_number": 2504
      }
    ],
    "tests/unit/core/test_llm_client.py": [
      {
        "type": "Secret Keyword",
        "filename": "tests/unit/core/test_llm_client.py",
        "hashed_secret": "e9a5f12a8ecbb3eb46eca5096b5c52aa5e7c9fdd",
        "is_verified": false,
        "line_number": 1516
      }
    ],
    "tests/unit/core/test_rag.py": [
      {
        "type": "Basic Auth Credentials",
        "filename": "tests/unit/core/test_rag.py",
        "hashed_secret": "9d4e1e23bd5b727046a9e3b4b7db57bd8d6ee684",
        "is_verified": false,
        "line_number": 1582
      }
    ],
    "tests/unit/managers/test_slack_manager.py": [
      {
        "type": "Slack Token",
        "filename": "tests/unit/managers/test_slack_manager.py",
        "hashed_secret": "511bbd5e64cc6a70f7bb5fe314fac56c820f7461",
        "is_verified": false,
        "line_number": 39
      }
    ],
    "tests/unit/managers/test_web_search.py": [
      {
        "type": "Secret Keyword",
        "filename": "tests/unit/managers/test_web_search.py",
        "hashed_secret": "12153914974550014394d62c515fd9c68fe9cef9",
        "is_verified": false,
        "line_number": 19
      },
      {
        "type": "Secret Keyword",
        "filename": "tests/unit/managers/test_web_search.py",
        "hashed_secret": "86a4e90f83e24027b6a8daa7a4afc519c3523509",
        "is_verified": false,
        "line_number": 20
      },
      {
        "type": "Secret Keyword",
        "filename": "tests/unit/managers/test_web_search.py",
        "hashed_secret": "3acfb2c2b433c0ea7ff107e33df91b18e52f960f",
        "is_verified": false,
        "line_number": 554
      }
    ],
    "tests/unit/root/test_config.py": [
      {
        "type": "Basic Auth Credentials",
        "filename": "tests/unit/root/test_config.py",
        "hashed_secret": "930fe4b925db53abeb460c3ef2745c367a320357",
        "is_verified": false,
        "line_number": 207
      },
      {
        "type": "Basic Auth Credentials",
        "filename": "tests/unit/root/test_config.py",
        "hashed_secret": "e5e9fa1ba31ecd1ae84f75caaa474f3a663f05f4",
        "is_verified": false,
        "line_number": 225
      },
      {
        "type": "Base64 High Entropy String",
        "filename": "tests/unit/root/test_config.py",
        "hashed_secret": "b0f053f77e1e411c8de74f1a3b7b78c36de309d2",
        "is_verified": false,
        "line_number": 823
      },
      {
        "type": "Secret Keyword",
        "filename": "tests/unit/root/test_config.py",
        "hashed_secret": "49bddd6f2f072ba5357d2e1aa214c27609664a95",
        "is_verified": false,
        "line_number": 837
      },
      {
        "type": "Secret Keyword",
        "filename": "tests/unit/root/test_config.py",
        "hashed_secret": "9703c87f84088ed37ea97b843275ff0bb9976831",
        "is_verified": false,
        "line_number": 838
      },
      {
        "type": "Secret Keyword",
        "filename": "tests/unit/root/test_config.py",
        "hashed_secret": "56ba67061005d8484470d4841cbb261f4fe3f04b",
        "is_verified": false,
        "line_number": 839
      },
      {
        "type": "Secret Keyword",
        "filename": "tests/unit/root/test_config.py",
        "hashed_secret": "181fda26684ab9fa3f17687b2238b974d1efbac7",
        "is_verified": false,
        "line_number": 2081
      },
      {
        "type": "Base64 High Entropy String",
        "filename": "tests/unit/root/test_config.py",
        "hashed_secret": "40d4ceea2a52648b965d9bf04b99cc153cc0baf1",
        "is_verified": false,
        "line_number": 2190
      },
      {
        "type": "Base64 High Entropy String",
        "filename": "tests/unit/root/test_config.py",
        "hashed_secret": "8edbd597905708271cfe94b0381f0a1f24195df1",
        "is_verified": false,
        "line_number": 2191
      },
      {
        "type": "Basic Auth Credentials",
        "filename": "tests/unit/root/test_config.py",
        "hashed_secret": "74b7e9028b1f9b6831c313cf008e289a3985094e",
        "is_verified": false,
        "line_number": 2196
      },
      {
        "type": "Secret Keyword",
        "filename": "tests/unit/root/test_config.py",
        "hashed_secret": "bfbe44052b741d3bc827897da0d82afa65274fab",
        "is_verified": false,
        "line_number": 2295
      },
      {
        "type": "Secret Keyword",
        "filename": "tests/unit/root/test_config.py",
        "hashed_secret": "eae8112c33fccbdaa222c2e99e9a5110893f1a79",
        "is_verified": false,
        "line_number": 2296
      },
      {
        "type": "Secret Keyword",
        "filename": "tests/unit/root/test_config.py",
        "hashed_secret": "8dce67c320a1cf03e9492bf65ca2f05c7f8171a9",
        "is_verified": false,
        "line_number": 2297
      },
      {
        "type": "Secret Keyword",
        "filename": "tests/unit/root/test_config.py",
        "hashed_secret": "7cf82d98adcf4145942277fe5720a91ea033e7aa",
        "is_verified": false,
        "line_number": 2298
      },
      {
        "type": "Secret Keyword",
        "filename": "tests/unit/root/test_config.py",
        "hashed_secret": "ef6098d4ee9a0a9bea754bc22754ac4a3eb2cb1f",
        "is_verified": false,
        "line_number": 2299
      },
      {
        "type": "Secret Keyword",
        "filename": "tests/unit/root/test_config.py",
        "hashed_secret": "36f8a73df6dc8d28414370c68158aa54915daa19",
        "is_verified": false,
        "line_number": 2323
      },
      {
        "type": "Base64 High Entropy String",
        "filename": "tests/unit/root/test_config.py",
        "hashed_secret": "29ecb35f445c20bf01b4691df99d6807978fe8eb",
        "is_verified": false,
        "line_number": 2345
      },
      {
        "type": "Secret Keyword",
        "filename": "tests/unit/root/test_config.py",
        "hashed_secret": "0a0e510f5cab5d015a9e7e039439dd086cfd40ef",
        "is_verified": false,
        "line_number": 2367
      },
      {
        "type": "Basic Auth Credentials",
        "filename": "tests/unit/root/test_config.py",
        "hashed_secret": "c3d2882cf93b3f850ce8c3e7e18e6c56f6383743",
        "is_verified": false,
        "line_number": 2418
      },
      {
        "type": "Basic Auth Credentials",
        "filename": "tests/unit/root/test_config.py",
        "hashed_secret": "c00dbbc9dadfbe1e232e93a729dd4752fade0abf",
        "is_verified": false,
        "line_number": 2677
      },
      {
        "type": "Base64 High Entropy String",
        "filename": "tests/unit/root/test_config.py",
        "hashed_secret": "fced8ca336300d9950e824f1e63ccd72dcab097e",
        "is_verified": false,
        "line_number": 2678
      },
      {
        "type": "Basic Auth Credentials",
        "filename": "tests/unit/root/test_config.py",
        "hashed_secret": "c2a6b03f190dfb2b4aa91f8af8d477a9bc3401dc",
        "is_verified": false,
        "line_number": 2694
      },
      {
        "type": "Base64 High Entropy String",
        "filename": "tests/unit/root/test_config.py",
        "hashed_secret": "c6314a928bb89ba0aa737995433261f431c85363",
        "is_verified": false,
        "line_number": 2695
      },
      {
        "type": "Secret Keyword",
        "filename": "tests/unit/root/test_config.py",
        "hashed_secret": "882d6c70e3f0a1cb1617eff631aae29621893854",
        "is_verified": false,
        "line_number": 2702
      },
      {
        "type": "Secret Keyword",
        "filename": "tests/unit/root/test_config.py",
        "hashed_secret": "e9a5f12a8ecbb3eb46eca5096b5c52aa5e7c9fdd",
        "is_verified": false,
        "line_number": 2727
      },
      {
        "type": "Secret Keyword",
        "filename": "tests/unit/root/test_config.py",
        "hashed_secret": "7a5e47b9edfdc3a6637c966c87ec25de4509f252",
        "is_verified": false,
        "line_number": 2728
      },
      {
        "type": "Secret Keyword",
        "filename": "tests/unit/root/test_config.py",
        "hashed_secret": "777902b292840aa6130ec88ff631d1058eca0f6e",
        "is_verified": false,
        "line_number": 2729
      },
      {
        "type": "Basic Auth Credentials",
        "filename": "tests/unit/root/test_config.py",
        "hashed_secret": "e0996a37c13d44c3b06074939d43fa3759bd32c1",
        "is_verified": false,
        "line_number": 2738
      },
      {
        "type": "Base64 High Entropy String",
        "filename": "tests/unit/root/test_config.py",
        "hashed_secret": "d09a3085577361adf84f3947c6ba0165525e2dbe",
        "is_verified": false,
        "line_number": 2739
      },
      {
        "type": "Basic Auth Credentials",
        "filename": "tests/unit/root/test_config.py",
        "hashed_secret": "352f7829a2384b001cc12b0c2613c756454a1f6a",
        "is_verified": false,
        "line_number": 2754
      },
      {
        "type": "Base64 High Entropy String",
        "filename": "tests/unit/root/test_config.py",
        "hashed_secret": "ebcea2bf811f7972a299da803dd2abaeb1f5ddca",
        "is_verified": false,
        "line_number": 2755
      }
    ],
    "tests/unit/root/test_config_security.py": [
      {
        "type": "Secret Keyword",
        "filename": "tests/unit/root/test_config_security.py",
        "hashed_secret": "eb989ec5f50476d58a88258d2937ac09dd29946c",
        "is_verified": false,
        "line_number": 11
      },
      {
        "type": "Secret Keyword",
        "filename": "tests/unit/root/test_config_security.py",
        "hashed_secret": "9c6cf063acf02dd9007eb44a3335b4b7e159894c",
        "is_verified": false,
        "line_number": 23
      },
      {
        "type": "Secret Keyword",
        "filename": "tests/unit/root/test_config_security.py",
        "hashed_secret": "809c3b71fbdb1768cc37a326a9d7cd9f293bf6d2",
        "is_verified": false,
        "line_number": 36
      },
      {
        "type": "Secret Keyword",
        "filename": "tests/unit/root/test_config_security.py",
        "hashed_secret": "83652347e7b3b2616b0b945c51e630d2104ec680",
        "is_verified": false,
        "line_number": 44
      },
      {
        "type": "Secret Keyword",
        "filename": "tests/unit/root/test_config_security.py",
        "hashed_secret": "cfd5d6c5694e55d7610199ffb42fa46e88acf50c",
        "is_verified": false,
        "line_number": 45
      },
      {
        "type": "Secret Keyword",
        "filename": "tests/unit/root/test_config_security.py",
        "hashed_secret": "3e4e3735cd0c29bd65cb35d6a722462023c96fca",
        "is_verified": false,
        "line_number": 49
      },
      {
        "type": "Secret Keyword",
        "filename": "tests/unit/root/test_config_security.py",
        "hashed_secret": "668f22b2f0a400e4b01ecfefd33eea40408f53df",
        "is_verified": false,
        "line_number": 57
      },
      {
        "type": "Secret Keyword",
        "filename": "tests/unit/root/test_config_security.py",
        "hashed_secret": "c3d2882cf93b3f850ce8c3e7e18e6c56f6383743",
        "is_verified": false,
        "line_number": 73
      }
    ],
    "tests/unit/root/test_github_upload.py": [
      {
        "type": "Basic Auth Credentials",
        "filename": "tests/unit/root/test_github_upload.py",
        "hashed_secret": "5baa61e4c9b93f3f0682250b6cf8331b7ee68fd8",
        "is_verified": false,
        "line_number": 186
      }
    ],
    "tests/unit/root/test_main_launcher_env_reload.py": [
      {
        "type": "Base64 High Entropy String",
        "filename": "tests/unit/root/test_main_launcher_env_reload.py",
        "hashed_secret": "c6314a928bb89ba0aa737995433261f431c85363",
        "is_verified": false,
        "line_number": 16
      },
      {
        "type": "Basic Auth Credentials",
        "filename": "tests/unit/root/test_main_launcher_env_reload.py",
        "hashed_secret": "882d6c70e3f0a1cb1617eff631aae29621893854",
        "is_verified": false,
        "line_number": 17
      },
      {
        "type": "Basic Auth Credentials",
        "filename": "tests/unit/root/test_main_launcher_env_reload.py",
        "hashed_secret": "e62854369199d65b6a66cd90fe8203ac4d5be26c",
        "is_verified": false,
        "line_number": 21
      },
      {
        "type": "Basic Auth Credentials",
        "filename": "tests/unit/root/test_main_launcher_env_reload.py",
        "hashed_secret": "a4e976a3d3fc6d0b40453de216fbbe2e9aaecdc4",
        "is_verified": false,
        "line_number": 25
      },
      {
        "type": "Secret Keyword",
        "filename": "tests/unit/root/test_main_launcher_env_reload.py",
        "hashed_secret": "882d6c70e3f0a1cb1617eff631aae29621893854",
        "is_verified": false,
        "line_number": 50
      }
    ],
    "tests/unit/root/test_web_server.py": [
      {
        "type": "Secret Keyword",
        "filename": "tests/unit/root/test_web_server.py",
        "hashed_secret": "e8af0e18ff4805f4efd84f58b0fa69e3780f35a4",
        "is_verified": false,
        "line_number": 1442
      },
      {
        "type": "Secret Keyword",
        "filename": "tests/unit/root/test_web_server.py",
        "hashed_secret": "a1b9892611956aa13a5ab9ccf01f49662583f2d2",
        "is_verified": false,
        "line_number": 4126
      },
      {
        "type": "Secret Keyword",
        "filename": "tests/unit/root/test_web_server.py",
        "hashed_secret": "7a85f4764bbd6daf1c3545efbbf0f279a6dc0beb",
        "is_verified": false,
        "line_number": 4817
      },
      {
        "type": "Secret Keyword",
        "filename": "tests/unit/root/test_web_server.py",
        "hashed_secret": "1902e3d6fc4e78a0bcc50ba12b882769afbf4a8c",
        "is_verified": false,
        "line_number": 4848
      },
      {
        "type": "Basic Auth Credentials",
        "filename": "tests/unit/root/test_web_server.py",
        "hashed_secret": "e5e9fa1ba31ecd1ae84f75caaa474f3a663f05f4",
        "is_verified": false,
        "line_number": 8447
      }
    ],
    "tests/unit/scripts/test_auto_heal.py": [
      {
        "type": "Basic Auth Credentials",
        "filename": "tests/unit/scripts/test_auto_heal.py",
        "hashed_secret": "e5e9fa1ba31ecd1ae84f75caaa474f3a663f05f4",
        "is_verified": false,
        "line_number": 131
      },
      {
        "type": "Basic Auth Credentials",
        "filename": "tests/unit/scripts/test_auto_heal.py",
        "hashed_secret": "a4b48a81cdab1e1a5dd37907d6c85ca1c61ddc7c",
        "is_verified": false,
        "line_number": 551
      }
    ],
    "tests/unit/scripts/test_bootstrap_env.py": [
      {
        "type": "Base64 High Entropy String",
        "filename": "tests/unit/scripts/test_bootstrap_env.py",
        "hashed_secret": "56ab7654da3f464fc7f391805e313e4ec4adeb85",
        "is_verified": false,
        "line_number": 16
      },
      {
        "type": "Base64 High Entropy String",
        "filename": "tests/unit/scripts/test_bootstrap_env.py",
        "hashed_secret": "40d1b158ad05967db785e32acdef8fdd0494046b",
        "is_verified": false,
        "line_number": 18
      },
      {
        "type": "Base64 High Entropy String",
        "filename": "tests/unit/scripts/test_bootstrap_env.py",
        "hashed_secret": "8b9001535ac02e7f663e7f48aa6284ad83f309c9",
        "is_verified": false,
        "line_number": 62
      }
    ],
    "tests/unit/scripts/test_create_missing_databases.py": [
      {
        "type": "Secret Keyword",
        "filename": "tests/unit/scripts/test_create_missing_databases.py",
        "hashed_secret": "05e037c57cdc9fe20f7a97c5af652a0f84acb8f9",
        "is_verified": false,
        "line_number": 49
      }
    ],
    "tests/unit/scripts/test_install_log_redaction.py": [
      {
        "type": "Basic Auth Credentials",
        "filename": "tests/unit/scripts/test_install_log_redaction.py",
        "hashed_secret": "a761ce3a45d97e41840a788495e85a70d1bb3815",
        "is_verified": false,
        "line_number": 26
      },
      {
        "type": "Secret Keyword",
        "filename": "tests/unit/scripts/test_install_log_redaction.py",
        "hashed_secret": "afac496cda45c4d8fce5dc8369c72368360b6e69",
        "is_verified": false,
        "line_number": 28
      }
    ],
    "tests/unit/scripts/test_load_test_db_pool.py": [
      {
        "type": "Basic Auth Credentials",
        "filename": "tests/unit/scripts/test_load_test_db_pool.py",
        "hashed_secret": "9d4e1e23bd5b727046a9e3b4b7db57bd8d6ee684",
        "is_verified": false,
        "line_number": 100
      }
    ],
    "tests/unit/scripts/test_migrate_sqlite_to_pg.py": [
      {
        "type": "Basic Auth Credentials",
        "filename": "tests/unit/scripts/test_migrate_sqlite_to_pg.py",
        "hashed_secret": "9d4e1e23bd5b727046a9e3b4b7db57bd8d6ee684",
        "is_verified": false,
        "line_number": 171
      }
    ],
    "tests/unit/scripts/test_production_compose_validation.py": [
      {
        "type": "Base64 High Entropy String",
        "filename": "tests/unit/scripts/test_production_compose_validation.py",
        "hashed_secret": "56da076600946ec3f0b7f27dc3450a7ed477fc19",
        "is_verified": false,
        "line_number": 52
      },
      {
        "type": "Base64 High Entropy String",
        "filename": "tests/unit/scripts/test_production_compose_validation.py",
        "hashed_secret": "52cf1328a0c260ae67fa45d36fec2c0e0e85c821",
        "is_verified": false,
        "line_number": 145
      },
      {
        "type": "Base64 High Entropy String",
        "filename": "tests/unit/scripts/test_production_compose_validation.py",
        "hashed_secret": "0d806aa884cc9c2aca0bc51679d3b8890ff690b7",
        "is_verified": false,
        "line_number": 146
      },
      {
        "type": "Base64 High Entropy String",
        "filename": "tests/unit/scripts/test_production_compose_validation.py",
        "hashed_secret": "aced132878a884d1a636b80cbd16a3ec492a9b77",
        "is_verified": false,
        "line_number": 149
      }
    ],
    "tests/unit/scripts/test_rotate_production_secrets.py": [
      {
        "type": "Base64 High Entropy String",
        "filename": "tests/unit/scripts/test_rotate_production_secrets.py",
        "hashed_secret": "a39f692686be6732368045ad82bc8811605f4421",
        "is_verified": false,
        "line_number": 15
      },
      {
        "type": "Base64 High Entropy String",
        "filename": "tests/unit/scripts/test_rotate_production_secrets.py",
        "hashed_secret": "01e554fc3b112bb54733ba39a08406e1c7531ddb",
        "is_verified": false,
        "line_number": 76
      }
    ],
    "tests/unit/scripts/test_run_tests_quality_gate.py": [
      {
        "type": "Base64 High Entropy String",
        "filename": "tests/unit/scripts/test_run_tests_quality_gate.py",
        "hashed_secret": "5da5dd5f78261870d774394dca003f2ab75ec331",
        "is_verified": false,
        "line_number": 877
      },
      {
        "type": "Base64 High Entropy String",
        "filename": "tests/unit/scripts/test_run_tests_quality_gate.py",
        "hashed_secret": "683b7106afca3781550855b48a1aebc287016a6e",
        "is_verified": false,
        "line_number": 888
      },
      {
        "type": "Base64 High Entropy String",
        "filename": "tests/unit/scripts/test_run_tests_quality_gate.py",
        "hashed_secret": "ea4d2c3ce31393abb125df964836f3beb13abb0c",
        "is_verified": false,
        "line_number": 1045
      },
      {
        "type": "Basic Auth Credentials",
        "filename": "tests/unit/scripts/test_run_tests_quality_gate.py",
        "hashed_secret": "5c1cc53a2239a8f9ba5705d7ca234582f1a00ba8",
        "is_verified": false,
        "line_number": 1046
      },
      {
        "type": "Base64 High Entropy String",
        "filename": "tests/unit/scripts/test_run_tests_quality_gate.py",
        "hashed_secret": "4406b903f0beae28277f3c2630957f65c1f222f4",
        "is_verified": false,
        "line_number": 1050
      },
      {
        "type": "Base64 High Entropy String",
        "filename": "tests/unit/scripts/test_run_tests_quality_gate.py",
        "hashed_secret": "c1e0d096c5a21c53e796fe31cc1553b51711fd96",
        "is_verified": false,
        "line_number": 2314
      },
      {
        "type": "Base64 High Entropy String",
        "filename": "tests/unit/scripts/test_run_tests_quality_gate.py",
        "hashed_secret": "86a07ba4b419b10cda80a62c5f2ad2b0a75a6986",
        "is_verified": false,
        "line_number": 2330
      },
      {
        "type": "Base64 High Entropy String",
        "filename": "tests/unit/scripts/test_run_tests_quality_gate.py",
        "hashed_secret": "7b79036da1a9681b0d2fe85e6a080c330a8e27b1",
        "is_verified": false,
        "line_number": 5646
      },
      {
        "type": "Base64 High Entropy String",
        "filename": "tests/unit/scripts/test_run_tests_quality_gate.py",
        "hashed_secret": "150aa9616103804bd639a408a2633cc4b4ef6f94",
        "is_verified": false,
        "line_number": 7421
      },
      {
        "type": "Hex High Entropy String",
        "filename": "tests/unit/scripts/test_run_tests_quality_gate.py",
        "hashed_secret": "158b484ae1f6f64f89da22397d25fbdafad02252",
        "is_verified": false,
        "line_number": 7449
      },
      {
        "type": "Base64 High Entropy String",
        "filename": "tests/unit/scripts/test_run_tests_quality_gate.py",
        "hashed_secret": "b64c669fa212a50cff8fd4a5526e9be4d913a50d",
        "is_verified": false,
        "line_number": 7622
      }
    ],
    "tests/unit/scripts/test_secret_strength.py": [
      {
        "type": "Base64 High Entropy String",
        "filename": "tests/unit/scripts/test_secret_strength.py",
        "hashed_secret": "1c3db2d50f163fbc92b21ade867d2fc22701a60a",
        "is_verified": false,
        "line_number": 32
      },
      {
        "type": "Hex High Entropy String",
        "filename": "tests/unit/scripts/test_secret_strength.py",
        "hashed_secret": "b25512323db1f2e5ed335c169f6c5120b423b601",
        "is_verified": false,
        "line_number": 33
      }
    ],
    "tests/unit/scripts/test_seed_rag.py": [
      {
        "type": "Basic Auth Credentials",
        "filename": "tests/unit/scripts/test_seed_rag.py",
        "hashed_secret": "1a91d62f7ca67399625a4368a6ab5d4a3baa6073",
        "is_verified": false,
        "line_number": 247
      }
    ],
    "tests/unit/scripts/test_sync_database_passwords.py": [
      {
        "type": "Basic Auth Credentials",
        "filename": "tests/unit/scripts/test_sync_database_passwords.py",
        "hashed_secret": "c00dbbc9dadfbe1e232e93a729dd4752fade0abf",
        "is_verified": false,
        "line_number": 21
      },
      {
        "type": "Basic Auth Credentials",
        "filename": "tests/unit/scripts/test_sync_database_passwords.py",
        "hashed_secret": "b1c76aec7674865d5346b3b0d1cb2c223c53e73e",
        "is_verified": false,
        "line_number": 45
      },
      {
        "type": "Basic Auth Credentials",
        "filename": "tests/unit/scripts/test_sync_database_passwords.py",
        "hashed_secret": "17d949826fd81d3afce8001881c3b24554de3a81",
        "is_verified": false,
        "line_number": 134
      },
      {
        "type": "Basic Auth Credentials",
        "filename": "tests/unit/scripts/test_sync_database_passwords.py",
        "hashed_secret": "a4e976a3d3fc6d0b40453de216fbbe2e9aaecdc4",
        "is_verified": false,
        "line_number": 229
      },
      {
        "type": "Secret Keyword",
        "filename": "tests/unit/scripts/test_sync_database_passwords.py",
        "hashed_secret": "a01aca3869441739875f72f719a19fa97699a913",
        "is_verified": false,
        "line_number": 263
      }
    ],
    "tests/unit/scripts/test_sync_postgres_password.py": [
      {
        "type": "Secret Keyword",
        "filename": "tests/unit/scripts/test_sync_postgres_password.py",
        "hashed_secret": "8dfc4fee08e76e69f6893143d7e984b7dbbf811b",
        "is_verified": false,
        "line_number": 30
      },
      {
        "type": "Secret Keyword",
        "filename": "tests/unit/scripts/test_sync_postgres_password.py",
        "hashed_secret": "451a47544c4df56801ab4b2e2d4e833270993c21",
        "is_verified": false,
        "line_number": 60
      },
      {
        "type": "Secret Keyword",
        "filename": "tests/unit/scripts/test_sync_postgres_password.py",
        "hashed_secret": "52522136805e63989bc2221559c222369290b020",
        "is_verified": false,
        "line_number": 61
      }
    ],
    "tests/unit/smoke/test_boot_diagnostics.py": [
      {
        "type": "Basic Auth Credentials",
        "filename": "tests/unit/smoke/test_boot_diagnostics.py",
        "hashed_secret": "3dff5bcd6f036a475dc1dbc6bc528ab70a5439be",
        "is_verified": false,
        "line_number": 43
      }
    ],
    "tests/unit/test_docker_python_runtime_contract.py": [
      {
        "type": "Secret Keyword",
        "filename": "tests/unit/test_docker_python_runtime_contract.py",
        "hashed_secret": "9940f3c7a0fa2e76ae511180429103879357e138",
        "is_verified": false,
        "line_number": 165
      },
      {
        "type": "Secret Keyword",
        "filename": "tests/unit/test_docker_python_runtime_contract.py",
        "hashed_secret": "949df9201e091dd8ffc79f0842fd26abf90111ed",
        "is_verified": false,
        "line_number": 167
      }
    ],
    "tests/unit/test_pytest_dotenv_fixture.py": [
      {
        "type": "Secret Keyword",
        "filename": "tests/unit/test_pytest_dotenv_fixture.py",
        "hashed_secret": "461738bf419d4adb9fea7e1cee6ba053d4cae4a1",
        "is_verified": false,
        "line_number": 45
      }
    ],
    "tests/unit/web/routes/test_auth_admin_edges.py": [
      {
        "type": "Secret Keyword",
        "filename": "tests/unit/web/routes/test_auth_admin_edges.py",
        "hashed_secret": "00cafd126182e8a9e7c01bb2f0dfd00496be724f",
        "is_verified": false,
        "line_number": 92
      }
    ],
    "tests/unit/web/routes/test_autonomy_federation.py": [
      {
        "type": "Secret Keyword",
        "filename": "tests/unit/web/routes/test_autonomy_federation.py",
        "hashed_secret": "4b370aad7eb2b571a4a7f132a5077c64a064d09d",
        "is_verified": false,
        "line_number": 251
      }
    ],
    "tests/unit/web/routes/test_autonomy_route.py": [
      {
        "type": "Secret Keyword",
        "filename": "tests/unit/web/routes/test_autonomy_route.py",
        "hashed_secret": "24a1733ca8bb0ae45a3ffd1eeddc926b2fc5841f",
        "is_verified": false,
        "line_number": 42
      },
      {
        "type": "Secret Keyword",
        "filename": "tests/unit/web/routes/test_autonomy_route.py",
        "hashed_secret": "9b33046ed39d182e3adafa9045ad6787d4bbc321",
        "is_verified": false,
        "line_number": 44
      },
      {
        "type": "Secret Keyword",
        "filename": "tests/unit/web/routes/test_autonomy_route.py",
        "hashed_secret": "e5e9fa1ba31ecd1ae84f75caaa474f3a663f05f4",
        "is_verified": false,
        "line_number": 138
      }
    ],
    "tests/unit/web/routes/test_request_models.py": [
      {
        "type": "Secret Keyword",
        "filename": "tests/unit/web/routes/test_request_models.py",
        "hashed_secret": "1a91d62f7ca67399625a4368a6ab5d4a3baa6073",
        "is_verified": false,
        "line_number": 26
      }
    ],
    "tests/unit/web/routes/test_webhooks_route.py": [
      {
        "type": "Secret Keyword",
        "filename": "tests/unit/web/routes/test_webhooks_route.py",
        "hashed_secret": "e5e9fa1ba31ecd1ae84f75caaa474f3a663f05f4",
        "is_verified": false,
        "line_number": 79
      }
    ],
    "tests/unit/web/test_app_factory.py": [
      {
        "type": "Basic Auth Credentials",
        "filename": "tests/unit/web/test_app_factory.py",
        "hashed_secret": "e5e9fa1ba31ecd1ae84f75caaa474f3a663f05f4",
        "is_verified": false,
        "line_number": 187
      }
    ],
    "tests/unit/web/test_security.py": [
      {
        "type": "Secret Keyword",
        "filename": "tests/unit/web/test_security.py",
        "hashed_secret": "fb59139b2013455d5257d74b2c5dafdaaa815a7e",
        "is_verified": false,
        "line_number": 14
      },
      {
        "type": "Secret Keyword",
        "filename": "tests/unit/web/test_security.py",
        "hashed_secret": "38abc48c1eb5838519ab0372fbf38f1eb0f3f73c",
        "is_verified": false,
        "line_number": 62
      }
    ],
    "tests/unit/web/test_webhooks_router.py": [
      {
        "type": "Secret Keyword",
        "filename": "tests/unit/web/test_webhooks_router.py",
        "hashed_secret": "59595ccab5865ae8b1b1985d0ce3b17b9a47666f",
        "is_verified": false,
        "line_number": 49
      }
    ]
  },
  "generated_at": "2026-08-19T11:19:38Z"
}
